// Jest Snapshot v1, https://goo.gl/fbAQLP

exports[`LoginPage component renders without crashing 1`] = `
<div>
  <LoginForm
    onLoginSuccess={[Function]}
  />
</div>
`;
