// Jest Snapshot v1, https://goo.gl/fbAQLP

exports[`UserRegistration component renders without crashing 1`] = `
<Registration
  onRegistrationSuccess={[Function]}
/>
`;
