// Jest Snapshot v1, https://goo.gl/fbAQLP

exports[`ProviderRegistration component renders without crashing 1`] = `
<div>
  <ProviderRegistrationForm
    onRegistrationSuccess={[Function]}
  />
</div>
`;
